\BOOKMARK [1][-]{section*.1}{\376\377\122\115\212\000}{}% 1
\BOOKMARK [1][-]{section*.2}{\376\377\000L\000I\000F\000E}{}% 2
\BOOKMARK [1][-]{section.1}{\376\377\000T\000o\000d\000o}{}% 3
\BOOKMARK [1][-]{section.2}{\376\377\000D\000i\000a\000r\000y}{}% 4
\BOOKMARK [2][-]{subsection.2.1}{\376\377\0002\0000\0002\0006\000.\0005\000.}{section.2}% 5
\BOOKMARK [2][-]{subsection.2.2}{\376\377\0002\0000\0002\0006\000.\0006\000.}{section.2}% 6
\BOOKMARK [1][-]{section.3}{\376\377\000C\000l\000a\000s\000s}{}% 7
\BOOKMARK [2][-]{subsection.3.1}{\376\377\000c\000o\000m\000p\000i\000l\000e\000r}{section.3}% 8
\BOOKMARK [1][-]{section*.26}{\376\377\000F\000I\000L\000M}{}% 9
\BOOKMARK [1][-]{section.4}{\376\377\000W\000o\000r\000d\000s}{}% 10
\BOOKMARK [2][-]{subsection.4.1}{\376\377\000w\000o\000r\000d\000s\000\040\000d\000a\000y}{section.4}% 11
\BOOKMARK [1][-]{section.5}{\376\377\000Q\000u\000o\000t\000e}{}% 12
\BOOKMARK [2][-]{subsection.5.1}{\376\377\000q\000u\000o\000t\000e\000\040\000d\000a\000y}{section.5}% 13
\BOOKMARK [1][-]{section.6}{\376\377\000P\000a\000i\000n\000t}{}% 14
\BOOKMARK [2][-]{subsection.6.1}{\376\377\000p\000a\000i\000n\000t\000\040\000d\000a\000y}{section.6}% 15
\BOOKMARK [3][-]{subsubsection.6.1.1}{\376\377\000t\000i\000k\000z}{subsection.6.1}% 16
\BOOKMARK [3][-]{subsubsection.6.1.2}{\376\377\000p\000o\000l\000a\000r\000\040\000a\000x\000e\000s}{subsection.6.1}% 17
\BOOKMARK [1][-]{section.7}{\376\377\000P\000o\000e\000t\000r\000y}{}% 18
\BOOKMARK [2][-]{subsection.7.1}{\376\377\000p\000o\000e\000t\000r\000y\000\040\000d\000a\000y}{section.7}% 19
\BOOKMARK [1][-]{section.8}{\376\377\000M\000u\000s\000i\000c}{}% 20
\BOOKMARK [2][-]{subsection.8.1}{\376\377\000m\000u\000s\000i\000c\000\040\000d\000a\000y}{section.8}% 21
\BOOKMARK [1][-]{section.9}{\376\377\000F\000i\000l\000m}{}% 22
\BOOKMARK [2][-]{subsection.9.1}{\376\377\000f\000i\000l\000m\000\040\000d\000a\000y}{section.9}% 23
\BOOKMARK [1][-]{section*.60}{\376\377\000S\000C\000I\000E\000N\000C\000E}{}% 24
\BOOKMARK [1][-]{section.10}{\376\377\000C\000S}{}% 25
\BOOKMARK [2][-]{subsection.10.1}{\376\377\000c\000s\000\040\000d\000a\000y}{section.10}% 26
\BOOKMARK [2][-]{subsection.10.2}{\376\377\000c\000o\000d\000e}{section.10}% 27
\BOOKMARK [3][-]{subsubsection.10.2.1}{\376\377\000c}{subsection.10.2}% 28
\BOOKMARK [3][-]{subsubsection.10.2.2}{\376\377\000c}{subsection.10.2}% 29
\BOOKMARK [2][-]{subsection.10.3}{\376\377\000t\000e\000r\000m\000u\000x}{section.10}% 30
\BOOKMARK [3][-]{subsubsection.10.3.1}{\376\377\000c}{subsection.10.3}% 31
\BOOKMARK [3][-]{subsubsection.10.3.2}{\376\377\000c}{subsection.10.3}% 32
\BOOKMARK [2][-]{subsection.10.4}{\376\377\000l\000i\000n\000u\000x}{section.10}% 33
\BOOKMARK [3][-]{subsubsection.10.4.1}{\376\377\000c}{subsection.10.4}% 34
\BOOKMARK [3][-]{subsubsection.10.4.2}{\376\377\000c}{subsection.10.4}% 35
\BOOKMARK [2][-]{subsection.10.5}{\376\377\000g\000n\000u}{section.10}% 36
\BOOKMARK [3][-]{subsubsection.10.5.1}{\376\377\000c}{subsection.10.5}% 37
\BOOKMARK [3][-]{subsubsection.10.5.2}{\376\377\000c}{subsection.10.5}% 38
\BOOKMARK [1][-]{section.11}{\376\377\000M\000a\000t\000h}{}% 39
\BOOKMARK [2][-]{subsection.11.1}{\376\377\000m\000a\000t\000h\000\040\000d\000a\000y}{section.11}% 40
\BOOKMARK [2][-]{subsection.11.2}{\376\377\000c\000u\000m}{section.11}% 41
\BOOKMARK [2][-]{subsection.11.3}{\376\377\000s\000y\000m\000b\000o\000l\000s}{section.11}% 42
\BOOKMARK [1][-]{section.12}{\376\377\000P\000h\000y\000s\000i\000c\000s}{}% 43
\BOOKMARK [2][-]{subsection.12.1}{\376\377\000p\000h\000y\000s\000i\000c\000s\000\040\000d\000a\000y}{section.12}% 44
\BOOKMARK [2][-]{subsection.12.2}{\376\377\000d\000r\000a\000f\000t}{section.12}% 45
\BOOKMARK [1][-]{section*.89}{\376\377\176\323\213\355}{}% 46
